// Vitest Snapshot v1, https://vitest.dev/guide/snapshot.html

exports[`exports > exports from index.ts 1`] = `
[
  "DefaultBadge",
  "DefaultBox",
  "DefaultButton",
  "DefaultButtonGroup",
  "DefaultCheckboxGroup",
  "DefaultCheckboxInput",
  "DefaultCodeEditor",
  "DefaultCol",
  "DefaultCurrencyInput",
  "DefaultDropOffInput",
  "DefaultDropdownButton",
  "DefaultFormGroup",
  "DefaultHeading",
  "DefaultIcon",
  "DefaultImage",
  "DefaultLink",
  "DefaultLoader",
  "DefaultModal",
  "DefaultMultiDateInput",
  "DefaultMultiSelectInput",
  "DefaultNotification",
  "DefaultNumberInput",
  "DefaultRadioGroup",
  "DefaultRadioInput",
  "DefaultRow",
  "DefaultSelectInput",
  "DefaultSettingsDivider",
  "DefaultShippingMethodsInput",
  "DefaultTabNavButton",
  "DefaultTable",
  "DefaultTableCol",
  "DefaultTableRow",
  "DefaultTextArea",
  "DefaultTextInput",
  "DefaultTimeInput",
  "DefaultToggleInput",
  "DefaultTriStateInput",
]
`;
