// Vitest Snapshot v1, https://vitest.dev/guide/snapshot.html

exports[`exports > exports from index.ts 1`] = `
[
  "COMMIT_TYPE_AUTO",
  "copyFile",
  "createDirectories",
  "defineConfig",
  "deleteDirectory",
  "deleteFile",
  "executeCommand",
  "executePromises",
  "exists",
  "getFileContents",
  "getRelativePath",
  "globFiles",
  "isEmptyDir",
  "isVerbose",
  "isVeryVerbose",
  "isVeryVeryVerbose",
  "logRelativePath",
  "logSourcePath",
  "logTargetPath",
  "parseJsonFile",
  "renameFile",
  "reportDirectoryDoesNotExist",
  "reportDirectoryExists",
  "reportFileDoesNotExist",
  "reportFileExists",
  "resolvePath",
  "resolveString",
  "resolveStrings",
  "shouldModifyFiles",
  "writeFile",
]
`;
