// Vitest Snapshot v1, https://vitest.dev/guide/snapshot.html

exports[`exports > exports from index.ts 1`] = `
[
  "PdkPlatformName",
  "addPlatformToContext",
  "copyFile",
  "defineConfig",
  "executeCommand",
  "executePromises",
  "exists",
  "getFileContents",
  "getPlatformDistPath",
  "getRelativePath",
  "isEmptyDir",
  "isVerbose",
  "isVeryVerbose",
  "isVeryVeryVerbose",
  "logPlatforms",
  "logRelativePath",
  "logSourcePath",
  "logTargetPath",
  "mkdirs",
  "parseJsonFile",
  "renameFile",
  "reportDirectoryDoesNotExist",
  "reportDirectoryExists",
  "reportFileDoesNotExist",
  "reportFileExists",
  "resolvePath",
  "resolveString",
  "resolveStrings",
  "rmDir",
  "rmFile",
  "shouldModifyFiles",
  "writeFile",
]
`;
