// Vitest Snapshot v1, https://vitest.dev/guide/snapshot.html

exports[`exports > exports from index.ts 1`] = `
[
  "ATTRIBUTE_CONTEXT",
  "AddressField",
  "AddressType",
  "EVENT_CHECKOUT",
  "EVENT_DELIVERY_OPTIONS",
  "EVENT_PDK",
  "EVENT_STORE",
  "EVENT_TYPE_INITIALIZE",
  "EVENT_TYPE_INITIALIZED",
  "EVENT_TYPE_SYNCHRONIZE",
  "EVENT_TYPE_SYNCHRONIZED",
  "EVENT_TYPE_UPDATE",
  "EVENT_TYPE_UPDATED",
  "PdkEvent",
  "PdkField",
  "PdkUtil",
  "StoreListener",
  "addFormListeners",
  "createCheckoutStore",
  "createConfig",
  "createEventName",
  "createPdkCheckout",
  "defaultFormChange",
  "defaultGetAddressType",
  "defaultGetFormData",
  "defaultHasDeliveryOptions",
  "doRequest",
  "eventCheckoutUpdate",
  "eventCheckoutUpdated",
  "eventStoreInitialize",
  "fieldsEqual",
  "getAddressField",
  "getAddressFieldValue",
  "getAddressType",
  "getElement",
  "getEnabledShippingMethods",
  "getFieldValue",
  "getFrontendContext",
  "hasAddressType",
  "initializeCheckoutStore",
  "logStoreDebugInfo",
  "realCreateStore",
  "realUseUtil",
  "setFieldValue",
  "setupGlobals",
  "triggerEvent",
  "updateAddressType",
  "updateCheckoutForm",
  "useCheckoutStore",
  "useConfig",
  "useEvent",
  "usePdkCheckout",
  "useSettings",
  "useUtil",
]
`;
