// Vitest Snapshot v1, https://vitest.dev/guide/snapshot.html

exports[`exports > exports from index.ts 1`] = `
[
  "ActionButton",
  "AdminAction",
  "AdminComponent",
  "AdminContextKey",
  "AdminIcon",
  "AdminInstanceContextKey",
  "AdminModalKey",
  "AdminView",
  "BackendEndpoint",
  "FORM_KEYS",
  "FORM_KEY_ACCOUNT_SETTINGS",
  "FORM_KEY_CHILD_PRODUCT_SETTINGS",
  "FORM_KEY_MODAL",
  "FORM_KEY_MODAL_PRINT_OPTIONS",
  "FORM_KEY_MODAL_RETURN_OPTIONS",
  "FORM_KEY_MODAL_SHIPMENT_OPTIONS",
  "FORM_KEY_PLUGIN_SETTINGS",
  "FORM_KEY_PRODUCT_SETTINGS",
  "LogLevel",
  "NotificationCategory",
  "NotificationContainer",
  "PdkAdmin",
  "PlainElement",
  "ReturnsForm",
  "ShipmentBarcode",
  "ShipmentOptionsForm",
  "ShipmentStatus",
  "Size",
  "Status",
  "StatusIndicator",
  "SubmitButton",
  "TabNavigation",
  "TriStateValue",
  "Variant",
  "createPdkAdmin",
  "generateFieldId",
  "getActionIdentifier",
  "modalCloseAction",
  "orderExportAction",
  "orderExportToShipmentsAction",
  "orderViewInBackofficeAction",
  "ordersEditAction",
  "ordersExportPrintShipmentsAction",
  "ordersFetchAction",
  "ordersPrintAction",
  "ordersUpdateAction",
  "shipmentsExportReturnAction",
  "shipmentsPrintAction",
  "shipmentsUpdateAction",
  "useActionStore",
  "useAdminConfig",
  "useAppInfo",
  "useCheckboxGroupContext",
  "useDropOffInputContext",
  "useDropdownData",
  "useElement",
  "useElementContext",
  "useForm",
  "useFormatter",
  "useGlobalContext",
  "useGlobalPdkAdmin",
  "useInputWithOptionsContext",
  "useLanguage",
  "useModalContext",
  "useModalElementContext",
  "useModalStore",
  "useNotificationStore",
  "useOrderData",
  "useOrdersData",
  "useProductData",
  "useRadioGroupContext",
  "useSelectInputContext",
  "useTriStateInputContext",
  "useWeekdays",
  "webhooksDeleteAction",
]
`;
