// Vitest Snapshot v1, https://vitest.dev/guide/snapshot.html

exports[`exports > exports from index.ts 1`] = `
[
  "ATTRIBUTE_CONTEXT",
  "EVENT_CHECKOUT",
  "EVENT_DELIVERY_OPTIONS",
  "EVENT_PDK",
  "EVENT_STORE",
  "EVENT_TYPE_INITIALIZE",
  "EVENT_TYPE_INITIALIZED",
  "EVENT_TYPE_SYNCHRONIZE",
  "EVENT_TYPE_SYNCHRONIZED",
  "EVENT_TYPE_UPDATE",
  "EVENT_TYPE_UPDATED",
  "StoreListener",
  "Util",
  "addFormListeners",
  "createCheckoutStore",
  "createConfig",
  "createEventName",
  "createPdkCheckout",
  "doRequest",
  "doRequestSpy",
  "eventCheckoutUpdate",
  "eventCheckoutUpdated",
  "eventStoreInitialize",
  "fieldsEqual",
  "getAddressField",
  "getAddressFieldValue",
  "getAddressType",
  "getElement",
  "getFieldValue",
  "getFormDataSpy",
  "getFormSpy",
  "getFrontendContext",
  "getMockFormData",
  "getMockPdkCheckoutConfig",
  "hasAddressType",
  "hasAddressTypeSpy",
  "initializeCheckoutStore",
  "initializeSpy",
  "logStoreDebugInfo",
  "mockDeliveryOptionsElement",
  "mockPdkCheckout",
  "realCreateStore",
  "realUseUtil",
  "setFieldValue",
  "setupGlobals",
  "toggleFieldSpy",
  "triggerEvent",
  "updateAddressType",
  "updateCheckoutForm",
  "useCheckoutStore",
  "useConfig",
  "useEvent",
  "usePdkCheckout",
  "useSettings",
  "useUtil",
]
`;
